case num:1
{'desc': 'e.g. 2016-01-02 20:13:14.666', 'direct_compare': True, 'parser': 'parser obj', 'regex': '(?P<YEAR>\\d{4})\\D(?P<MONTH>\\d{2})\\D(?P<DAY>\\d{2})\\D(?P<HOUR>\\d{2})\\D(?P<MINUTE>\\d{2})\\D(?P<SECOND>\\d{2})\\.(?P<MICROSECOND>\\d{1,3})', 'sample': '2016-01-02 20:13:14.666'}

case num:2
{'desc': 'e.g. 2016-01-02 20:13:14', 'direct_compare': True, 'parser': 'parser obj', 'regex': '(?P<YEAR>\\d{4})\\D(?P<MONTH>\\d{2})\\D(?P<DAY>\\d{2})\\D(?P<HOUR>\\d{2})\\D(?P<MINUTE>\\d{2})\\D(?P<SECOND>\\d{2})', 'sample': '2016-01-02 20:13:14'}

case num:3
{'desc': 'only hour and minutes', 'direct_compare': True, 'parser': 'parser obj', 'regex': '(?P<HOUR>\\d{2}):(?P<MINUTE>\\d{2})', 'sample': '2016-01-02 20:13'}

case num:4
{'desc': 'syslog. e.g. Jan  2 20:13:14', 'direct_compare': False, 'parser': 'parser obj', 'regex': '(?P<MONTH>[a-zA-Z]{3})\\D(?P<DAY>[ \\d]{1}\\d{1})\\D(?P<HOUR>\\d{2})\\D(?P<MINUTE>\\d{2})\\D(?P<SECOND>\\d{2})', 'sample': 'Jan  2 20:13:14'}

case num:5
{'desc': 'syslog. e.g. Jan  2 20:13:14', 'direct_compare': False, 'parser': 'parser obj', 'regex': '(?P<MONTH>[a-zA-Z]{3})\\D(?P<DAY>[ \\d]{1}\\d{1})\\D(?P<HOUR>\\d{2})\\D(?P<MINUTE>\\d{2})\\D(?P<SECOND>\\d{2})', 'sample': 'Aug 12 20:13:14'}

case num:6
{'desc': 'syslog. e.g. Jan  2 20:13:14', 'direct_compare': False, 'parser': 'parser obj', 'regex': '(?P<MONTH>[a-zA-Z]{3})\\D(?P<DAY>[ \\d]{1}\\d{1})\\D(?P<HOUR>\\d{2})\\D(?P<MINUTE>\\d{2})\\D(?P<SECOND>\\d{2})', 'sample': 'Oct 09 20:13:14'}

case num:7
{'desc': 'e.g. 2016-01-02 20:13:14.666', 'direct_compare': True, 'is_global_time': True, 'parser': 'parser obj', 'regex': '(?P<YEAR>\\d{4})\\D(?P<MONTH>\\d{2})\\D(?P<DAY>\\d{2})\\D(?P<HOUR>\\d{2})\\D(?P<MINUTE>\\d{2})\\D(?P<SECOND>\\d{2})\\.(?P<MICROSECOND>\\d{1,3})', 'sample': '2016-01-02T12:13:14.666'}

case num:8
{'desc': 'e.g. 2016-01-02 20:13:14', 'direct_compare': True, 'parser': 'parser obj', 'regex': '(?P<YEAR>\\d{4})\\D(?P<MONTH>\\d{2})\\D(?P<DAY>\\d{2})\\D(?P<HOUR>\\d{2})\\D(?P<MINUTE>\\d{2})\\D(?P<SECOND>\\d{2})', 'sample': '2016/01/02 20:13:14'}

case num:9
{'desc': 'e.g. 2016-01-02 20:13:14', 'direct_compare': True, 'parser': 'parser obj', 'regex': '(?P<YEAR>\\d{4})\\D(?P<MONTH>\\d{2})\\D(?P<DAY>\\d{2})\\D(?P<HOUR>\\d{2})\\D(?P<MINUTE>\\d{2})\\D(?P<SECOND>\\d{2})', 'sample': '2016-01-02 20:13:14'}

case num:10
{'desc': 'e.g. 2016/Jan/02 20:13:14.666', 'direct_compare': False, 'parser': 'parser obj', 'regex': '(?P<DAY>\\d{2})\\D(?P<MONTH>[a-zA-Z]{3})\\D(?P<YEAR>\\d{4})\\D(?P<HOUR>\\d{2})\\D(?P<MINUTE>\\d{2})\\D(?P<SECOND>\\d{2})\\.(?P<MICROSECOND>\\d{1,3})', 'sample': '02/Oct/2016:20:13:14.666'}

case num:11
{'desc': 'e.g. 02-Jan-2016 20:13:14', 'direct_compare': False, 'parser': 'parser obj', 'regex': '(?P<DAY>\\d{2})\\D(?P<MONTH>[a-zA-Z]{3})\\D(?P<YEAR>\\d{4})\\D(?P<HOUR>\\d{2})\\D(?P<MINUTE>\\d{2})\\D(?P<SECOND>\\d{2})', 'sample': '02-Jan-2016 20:13:14'}

case num:12
{'desc': 'e.g. 02-Jan-2016 20:13:14', 'direct_compare': False, 'parser': 'parser obj', 'regex': '(?P<DAY>\\d{2})\\D(?P<MONTH>[a-zA-Z]{3})\\D(?P<YEAR>\\d{4})\\D(?P<HOUR>\\d{2})\\D(?P<MINUTE>\\d{2})\\D(?P<SECOND>\\d{2})', 'sample': '02 Feb 2016 20:13:14'}

case num:13
None

case num:14
{'desc': 'datetime without seperator. e.g. 20160102201314', 'direct_compare': True, 'parser': 'parser obj', 'regex': '(?P<YEAR>\\d{4})(?P<MONTH>\\d{2})(?P<DAY>\\d{2})(?P<HOUR>\\d{2})(?P<MINUTE>\\d{2})(?P<SECOND>\\d{2})', 'sample': '20160102201315'}

case num:15
{'desc': 'timestamp in microseconds', 'direct_compare': True, 'parser': 'parser obj', 'regex': '(?P<MICROTS>\\d{13})', 'sample': '1451736794666'}

case num:16
{'desc': 'timestamp in seconds', 'direct_compare': True, 'parser': 'parser obj', 'regex': '(?P<TS>\\d{10})', 'sample': '1451736794'}

case num:17
{'desc': 'only hour, minute and seconds', 'direct_compare': True, 'parser': 'parser obj', 'regex': '(?P<HOUR>\\d{2}):(?P<MINUTE>\\d{2}):(?P<SECOND>\\d{2})', 'sample': '20:13:14'}

case num:18
None

case num:19
{'desc': 'only hour and minutes', 'direct_compare': True, 'parser': 'parser obj', 'regex': '(?P<HOUR>\\d{2}):(?P<MINUTE>\\d{2})', 'sample': '20:13'}

case num:20
None

case num:21
{'desc': 'only hour and minutes', 'direct_compare': True, 'parser': 'parser obj', 'regex': '(?P<HOUR>\\d{2}):(?P<MINUTE>\\d{2})', 'sample': '13:14'}

case num:22
None

